// Jest Snapshot v1, https://goo.gl/fbAQLP

exports[`all dragons components render dragon component renders properly 1`] = `
Object {
  "advanceTimersByTime": [Function],
  "advanceTimersToNextTimer": [Function],
  "autoMockOff": [Function],
  "autoMockOn": [Function],
  "clearAllMocks": [Function],
  "clearAllTimers": [Function],
  "createMockFromModule": [Function],
  "deepUnmock": [Function],
  "disableAutomock": [Function],
  "doMock": [Function],
  "dontMock": [Function],
  "enableAutomock": [Function],
  "fn": [Function],
  "genMockFromModule": [Function],
  "getRealSystemTime": [Function],
  "getTimerCount": [Function],
  "isMockFunction": [Function],
  "isolateModules": [Function],
  "mock": [Function],
  "mocked": [Function],
  "requireActual": [Function],
  "requireMock": [Function],
  "resetAllMocks": [Function],
  "resetModules": [Function],
  "restoreAllMocks": [Function],
  "retryTimes": [Function],
  "runAllImmediates": [Function],
  "runAllTicks": [Function],
  "runAllTimers": [Function],
  "runOnlyPendingTimers": [Function],
  "setMock": [Function],
  "setSystemTime": [Function],
  "setTimeout": [Function],
  "spyOn": [Function],
  "unmock": [Function],
  "unstable_mockModule": [Function],
  "useFakeTimers": [Function],
  "useRealTimers": [Function],
}
`;

exports[`all dragons components render dragons component renders properly 1`] = `
Object {
  "advanceTimersByTime": [Function],
  "advanceTimersToNextTimer": [Function],
  "autoMockOff": [Function],
  "autoMockOn": [Function],
  "clearAllMocks": [Function],
  "clearAllTimers": [Function],
  "createMockFromModule": [Function],
  "deepUnmock": [Function],
  "disableAutomock": [Function],
  "doMock": [Function],
  "dontMock": [Function],
  "enableAutomock": [Function],
  "fn": [Function],
  "genMockFromModule": [Function],
  "getRealSystemTime": [Function],
  "getTimerCount": [Function],
  "isMockFunction": [Function],
  "isolateModules": [Function],
  "mock": [Function],
  "mocked": [Function],
  "requireActual": [Function],
  "requireMock": [Function],
  "resetAllMocks": [Function],
  "resetModules": [Function],
  "restoreAllMocks": [Function],
  "retryTimes": [Function],
  "runAllImmediates": [Function],
  "runAllTicks": [Function],
  "runAllTimers": [Function],
  "runOnlyPendingTimers": [Function],
  "setMock": [Function],
  "setSystemTime": [Function],
  "setTimeout": [Function],
  "spyOn": [Function],
  "unmock": [Function],
  "unstable_mockModule": [Function],
  "useFakeTimers": [Function],
  "useRealTimers": [Function],
}
`;
